// Jest Snapshot v1, https://goo.gl/fbAQLP

exports[`Testing snapshot for HubSpot's upsertContact destination action: all fields - create contact 1`] = `
Object {
  "properties": Object {
    "address": "krPYlcrzuw6LiDv[wVO",
    "city": "krPYlcrzuw6LiDv[wVO",
    "company": "krPYlcrzuw6LiDv[wVO",
    "country": "krPYlcrzuw6LiDv[wVO",
    "firstname": "krPYlcrzuw6LiDv[wVO",
    "krPYlcrzuw6LiDv[wVO": "avdu@fecruwdij.ni",
    "lastname": "krPYlcrzuw6LiDv[wVO",
    "lifecyclestage": "krpylcrzuw6lidv[wvo",
    "phone": "krPYlcrzuw6LiDv[wVO",
    "state": "krPYlcrzuw6LiDv[wVO",
    "testType": "krPYlcrzuw6LiDv[wVO",
    "website": "krPYlcrzuw6LiDv[wVO",
    "zip": "krPYlcrzuw6LiDv[wVO",
  },
}
`;

exports[`Testing snapshot for HubSpot's upsertContact destination action: all fields - create contact 2`] = `"https://api.hubapi.com/crm/v3/objects/contacts"`;

exports[`Testing snapshot for HubSpot's upsertContact destination action: all fields - update contact 1`] = `
Object {
  "properties": Object {
    "address": "krPYlcrzuw6LiDv[wVO",
    "city": "krPYlcrzuw6LiDv[wVO",
    "company": "krPYlcrzuw6LiDv[wVO",
    "country": "krPYlcrzuw6LiDv[wVO",
    "firstname": "krPYlcrzuw6LiDv[wVO",
    "krPYlcrzuw6LiDv[wVO": "avdu@fecruwdij.ni",
    "lastname": "krPYlcrzuw6LiDv[wVO",
    "lifecyclestage": "krpylcrzuw6lidv[wvo",
    "phone": "krPYlcrzuw6LiDv[wVO",
    "state": "krPYlcrzuw6LiDv[wVO",
    "testType": "krPYlcrzuw6LiDv[wVO",
    "website": "krPYlcrzuw6LiDv[wVO",
    "zip": "krPYlcrzuw6LiDv[wVO",
  },
}
`;

exports[`Testing snapshot for HubSpot's upsertContact destination action: all fields - update contact 2`] = `"https://api.hubapi.com/crm/v3/objects/contacts/avdu@fecruwdij.ni?idProperty=krPYlcrzuw6LiDv[wVO"`;

exports[`Testing snapshot for HubSpot's upsertContact destination action: required fields - create contact 1`] = `
Object {
  "properties": Object {
    "krPYlcrzuw6LiDv[wVO": "avdu@fecruwdij.ni",
  },
}
`;

exports[`Testing snapshot for HubSpot's upsertContact destination action: required fields - create contact 2`] = `
Headers {
  Symbol(map): Object {
    "authorization": Array [
      "Bearer undefined",
    ],
    "content-type": Array [
      "application/json",
    ],
    "user-agent": Array [
      "Segment (Actions)",
    ],
  },
}
`;

exports[`Testing snapshot for HubSpot's upsertContact destination action: required fields - create contact 3`] = `"https://api.hubapi.com/crm/v3/objects/contacts"`;

exports[`Testing snapshot for HubSpot's upsertContact destination action: required fields - update contact 1`] = `
Object {
  "properties": Object {
    "krPYlcrzuw6LiDv[wVO": "avdu@fecruwdij.ni",
  },
}
`;

exports[`Testing snapshot for HubSpot's upsertContact destination action: required fields - update contact 2`] = `
Headers {
  Symbol(map): Object {
    "authorization": Array [
      "Bearer undefined",
    ],
    "content-type": Array [
      "application/json",
    ],
    "user-agent": Array [
      "Segment (Actions)",
    ],
  },
}
`;

exports[`Testing snapshot for HubSpot's upsertContact destination action: required fields - update contact 3`] = `"https://api.hubapi.com/crm/v3/objects/contacts/avdu@fecruwdij.ni?idProperty=krPYlcrzuw6LiDv[wVO"`;
